// Jest Snapshot v1, https://goo.gl/fbAQLP

exports[`Should pass snapshot 1`] = `undefined`;
